
> college-erp-lms-crm@0.1.0 build
> vite build

[36mvite v8.1.3 [32mbuilding client environment for production...[36m[39m
[2K
transforming...Γ£ô 2500 modules transformed.
rendering chunks...
computing gzip size...
dist/index.html                             1.00 kB Γöé gzip:   0.43 kB
dist/assets/vendor-qcT314-W.css            14.09 kB Γöé gzip:   2.64 kB
dist/assets/index-69iixQeW.css             45.67 kB Γöé gzip:   8.93 kB
dist/assets/rolldown-runtime-CNC7AqOf.js    0.87 kB Γöé gzip:   0.50 kB
dist/assets/icons-BGwStkm_.js              39.64 kB Γöé gzip:  13.24 kB
dist/assets/data-B2IJEVw3.js               55.38 kB Γöé gzip:  18.29 kB
dist/assets/router--lXj28d_.js            154.73 kB Γöé gzip:  50.96 kB
dist/assets/charts-yjq16_37.js            181.49 kB Γöé gzip:  63.08 kB
dist/assets/vendor-DVzW4ze7.js            210.89 kB Γöé gzip:  68.67 kB
dist/assets/index-Cl_HiVIY.js             981.82 kB Γöé gzip: 149.17 kB

[32mΓ£ô built in 1.24s[39m
